[page.genspark.site/page/toolu_011KZoGoRUkADvs4PdZptfCN/midlands_christian_college_website.html]
[backblue.gif]
[fade.gif]
[index.html]
[cdn.jsdelivr.net/npm/tailwindcss@2.2.19/dist/tailwind.min.css]
[cdn.jsdelivr.net/npm/@fortawesome/fontawesome-free@6.0.0/css/all.min.css]
[i0.wp.com/www.mcc.ac.zw/wp-content/uploads/2024/10/Sports-Day-11-1-scaled-1366x520.jpg]
[i0.wp.com/www.mcc.ac.zw/wp-content/uploads/2024/10/DSC_6954-scaled-e1728908239970-1366x520.jpg]
[i0.wp.com/www.mcc.ac.zw/wp-content/uploads/2024/10/DSC_6550-scaled-e1728909355844-1366x520.jpg]
[i0.wp.com/www.mcc.ac.zw/wp-content/uploads/2017/11/Collaborative-Learning-DSC_0122.jpg]
[i0.wp.com/www.mcc.ac.zw/wp-content/uploads/2024/10/Kestrel-house-sign-DSC_0309.jpg]
[i0.wp.com/www.mcc.ac.zw/wp-content/uploads/2024/10/Boys-Hostel-IMG_3483.jpg]
[i0.wp.com/www.mcc.ac.zw/wp-content/uploads/2024/10/Sports-Day-19.jpg]
[i0.wp.com/www.mcc.ac.zw/wp-content/uploads/2024/10/DSC_3268.jpg]
[i0.wp.com/www.mcc.ac.zw/wp-content/uploads/2017/10/Sport-Swimming-Physically-Active-Lifestyle-DSC_0010.jpg]
[i0.wp.com/www.mcc.ac.zw/wp-content/uploads/2017/10/Clubs-Marimba-DSC_0269.jpg]
[i0.wp.com/www.mcc.ac.zw/wp-content/uploads/2017/10/Club-Band-IMG_9539.jpg]
[i0.wp.com/www.mcc.ac.zw/wp-content/uploads/2017/10/Clubs-Environmental-Club-Responsible-Citizens-DSC_0540.jpg]
[i0.wp.com/www.mcc.ac.zw/wp-content/uploads/2017/10/Clubs-Blood-Donation-Responsible-Citizen-DSC_0393.jpg]
[i0.wp.com/www.mcc.ac.zw/wp-content/uploads/2017/11/Spititual-Confident-Team-Player-IMG_8410.jpg]
[i0.wp.com/www.mcc.ac.zw/wp-content/uploads/2017/11/Spiritual-Victoria-Falls-Adventures-P1180341.jpg]
[page.genspark.site/page/toolu_011KZoGoRUkADvs4PdZptfCN/midlands_christian_college_website.html]
[page.genspark.site/cdn-cgi/scripts/5c5dd728/cloudflare-static/email-decode.min.js]
[cdn.jsdelivr.net/npm/tailwindcss@2.2.19/dist/tailwind.min.css]
[cdn.jsdelivr.net/npm/@fortawesome/fontawesome-free@6.0.0/css/all.min.css]
[i0.wp.com/www.mcc.ac.zw/wp-content/uploads/2024/10/Boys-Hostel-IMG_3483.jpg]
